Archive member included to satisfy reference by file (symbol)

d:/program files (x86)/stm32/stm32cubeide_1.9.0/stm32cubeide/plugins/com.st.stm32cube.ide.mcu.externaltools.gnu-tools-for-stm32.10.3-2021.10.win32_1.0.0.202111181127/tools/bin/../lib/gcc/arm-none-eabi/10.3.1/../../../../arm-none-eabi/lib/thumb/v7e-m+fp/hard\libc_nano.a(lib_a-errno.o)
                              ./Core/Src/syscalls.o (__errno)
d:/program files (x86)/stm32/stm32cubeide_1.9.0/stm32cubeide/plugins/com.st.stm32cube.ide.mcu.externaltools.gnu-tools-for-stm32.10.3-2021.10.win32_1.0.0.202111181127/tools/bin/../lib/gcc/arm-none-eabi/10.3.1/../../../../arm-none-eabi/lib/thumb/v7e-m+fp/hard\libc_nano.a(lib_a-exit.o)
                              d:/program files (x86)/stm32/stm32cubeide_1.9.0/stm32cubeide/plugins/com.st.stm32cube.ide.mcu.externaltools.gnu-tools-for-stm32.10.3-2021.10.win32_1.0.0.202111181127/tools/bin/../lib/gcc/arm-none-eabi/10.3.1/../../../../arm-none-eabi/lib/thumb/v7e-m+fp/hard/crt0.o (exit)
d:/program files (x86)/stm32/stm32cubeide_1.9.0/stm32cubeide/plugins/com.st.stm32cube.ide.mcu.externaltools.gnu-tools-for-stm32.10.3-2021.10.win32_1.0.0.202111181127/tools/bin/../lib/gcc/arm-none-eabi/10.3.1/../../../../arm-none-eabi/lib/thumb/v7e-m+fp/hard\libc_nano.a(lib_a-impure.o)
                              d:/program files (x86)/stm32/stm32cubeide_1.9.0/stm32cubeide/plugins/com.st.stm32cube.ide.mcu.externaltools.gnu-tools-for-stm32.10.3-2021.10.win32_1.0.0.202111181127/tools/bin/../lib/gcc/arm-none-eabi/10.3.1/../../../../arm-none-eabi/lib/thumb/v7e-m+fp/hard\libc_nano.a(lib_a-exit.o) (_global_impure_ptr)
d:/program files (x86)/stm32/stm32cubeide_1.9.0/stm32cubeide/plugins/com.st.stm32cube.ide.mcu.externaltools.gnu-tools-for-stm32.10.3-2021.10.win32_1.0.0.202111181127/tools/bin/../lib/gcc/arm-none-eabi/10.3.1/../../../../arm-none-eabi/lib/thumb/v7e-m+fp/hard\libc_nano.a(lib_a-init.o)
                              d:/program files (x86)/stm32/stm32cubeide_1.9.0/stm32cubeide/plugins/com.st.stm32cube.ide.mcu.externaltools.gnu-tools-for-stm32.10.3-2021.10.win32_1.0.0.202111181127/tools/bin/../lib/gcc/arm-none-eabi/10.3.1/../../../../arm-none-eabi/lib/thumb/v7e-m+fp/hard/crt0.o (__libc_init_array)
d:/program files (x86)/stm32/stm32cubeide_1.9.0/stm32cubeide/plugins/com.st.stm32cube.ide.mcu.externaltools.gnu-tools-for-stm32.10.3-2021.10.win32_1.0.0.202111181127/tools/bin/../lib/gcc/arm-none-eabi/10.3.1/../../../../arm-none-eabi/lib/thumb/v7e-m+fp/hard\libc_nano.a(lib_a-memset.o)
                              d:/program files (x86)/stm32/stm32cubeide_1.9.0/stm32cubeide/plugins/com.st.stm32cube.ide.mcu.externaltools.gnu-tools-for-stm32.10.3-2021.10.win32_1.0.0.202111181127/tools/bin/../lib/gcc/arm-none-eabi/10.3.1/../../../../arm-none-eabi/lib/thumb/v7e-m+fp/hard/crt0.o (memset)
d:/program files (x86)/stm32/stm32cubeide_1.9.0/stm32cubeide/plugins/com.st.stm32cube.ide.mcu.externaltools.gnu-tools-for-stm32.10.3-2021.10.win32_1.0.0.202111181127/tools/bin/../lib/gcc/arm-none-eabi/10.3.1/thumb/v7e-m+fp/hard\libgcc.a(_arm_addsubdf3.o)
                              ./Core/Src/main.o (__aeabi_dadd)
d:/program files (x86)/stm32/stm32cubeide_1.9.0/stm32cubeide/plugins/com.st.stm32cube.ide.mcu.externaltools.gnu-tools-for-stm32.10.3-2021.10.win32_1.0.0.202111181127/tools/bin/../lib/gcc/arm-none-eabi/10.3.1/thumb/v7e-m+fp/hard\libgcc.a(_arm_muldivdf3.o)
                              ./Core/Src/main.o (__aeabi_ddiv)
d:/program files (x86)/stm32/stm32cubeide_1.9.0/stm32cubeide/plugins/com.st.stm32cube.ide.mcu.externaltools.gnu-tools-for-stm32.10.3-2021.10.win32_1.0.0.202111181127/tools/bin/../lib/gcc/arm-none-eabi/10.3.1/thumb/v7e-m+fp/hard\libgcc.a(_arm_truncdfsf2.o)
                              ./Core/Src/main.o (__aeabi_d2f)
d:/program files (x86)/stm32/stm32cubeide_1.9.0/stm32cubeide/plugins/com.st.stm32cube.ide.mcu.externaltools.gnu-tools-for-stm32.10.3-2021.10.win32_1.0.0.202111181127/tools/bin/../lib/gcc/arm-none-eabi/10.3.1/thumb/v7e-m+fp/hard\libgcc.a(_aeabi_uldivmod.o)
                              ./Drivers/STM32F4xx_HAL_Driver/Src/stm32f4xx_hal_rcc.o (__aeabi_uldivmod)
d:/program files (x86)/stm32/stm32cubeide_1.9.0/stm32cubeide/plugins/com.st.stm32cube.ide.mcu.externaltools.gnu-tools-for-stm32.10.3-2021.10.win32_1.0.0.202111181127/tools/bin/../lib/gcc/arm-none-eabi/10.3.1/thumb/v7e-m+fp/hard\libgcc.a(_udivmoddi4.o)
                              d:/program files (x86)/stm32/stm32cubeide_1.9.0/stm32cubeide/plugins/com.st.stm32cube.ide.mcu.externaltools.gnu-tools-for-stm32.10.3-2021.10.win32_1.0.0.202111181127/tools/bin/../lib/gcc/arm-none-eabi/10.3.1/thumb/v7e-m+fp/hard\libgcc.a(_aeabi_uldivmod.o) (__udivmoddi4)
d:/program files (x86)/stm32/stm32cubeide_1.9.0/stm32cubeide/plugins/com.st.stm32cube.ide.mcu.externaltools.gnu-tools-for-stm32.10.3-2021.10.win32_1.0.0.202111181127/tools/bin/../lib/gcc/arm-none-eabi/10.3.1/thumb/v7e-m+fp/hard\libgcc.a(_dvmd_tls.o)
[...]
Memory Configuration

Name             Origin             Length             Attributes
RAM              0x0000000020000000 0x0000000000020000 xrw
FLASH            0x0000000008000000 0x0000000000080000 xr
*default*        0x0000000000000000 0xffffffffffffffff

Linker script and memory map

LOAD d:/program files (x86)/stm32/stm32cubeide_1.9.0/stm32cubeide/plugins/com.st.stm32cube.ide.mcu.externaltools.gnu-tools-for-stm32.10.3-2021.10.win32_1.0.0.202111181127/tools/bin/../lib/gcc/arm-none-eabi/10.3.1/thumb/v7e-m+fp/hard/crti.o
LOAD d:/program files (x86)/stm32/stm32cubeide_1.9.0/stm32cubeide/plugins/com.st.stm32cube.ide.mcu.externaltools.gnu-tools-for-stm32.10.3-2021.10.win32_1.0.0.202111181127/tools/bin/../lib/gcc/arm-none-eabi/10.3.1/thumb/v7e-m+fp/hard/crtbegin.o
LOAD d:/program files (x86)/stm32/stm32cubeide_1.9.0/stm32cubeide/plugins/com.st.stm32cube.ide.mcu.externaltools.gnu-tools-for-stm32.10.3-2021.10.win32_1.0.0.202111181127/tools/bin/../lib/gcc/arm-none-eabi/10.3.1/../../../../arm-none-eabi/lib/thumb/v7e-m+fp/hard/crt0.o
LOAD ./Core/Src/main.o
LOAD ./Core/Src/stm32f4xx_hal_msp.o
LOAD ./Core/Src/stm32f4xx_it.o
LOAD ./Core/Src/syscalls.o
LOAD ./Core/Src/sysmem.o
LOAD ./Core/Src/system_stm32f4xx.o
LOAD ./Core/Startup/startup_stm32f411vetx.o
LOAD ./Drivers/STM32F4xx_HAL_Driver/Src/stm32f4xx_hal.o
LOAD ./Drivers/STM32F4xx_HAL_Driver/Src/stm32f4xx_hal_cortex.o
LOAD ./Drivers/STM32F4xx_HAL_Driver/Src/stm32f4xx_hal_dma.o
LOAD ./Drivers/STM32F4xx_HAL_Driver/Src/stm32f4xx_hal_dma_ex.o
LOAD ./Drivers/STM32F4xx_HAL_Driver/Src/stm32f4xx_hal_exti.o
LOAD ./Drivers/STM32F4xx_HAL_Driver/Src/stm32f4xx_hal_flash.o
LOAD ./Drivers/STM32F4xx_HAL_Driver/Src/stm32f4xx_hal_flash_ex.o
LOAD ./Drivers/STM32F4xx_HAL_Driver/Src/stm32f4xx_hal_flash_ramfunc.o
LOAD ./Drivers/STM32F4xx_HAL_Driver/Src/stm32f4xx_hal_gpio.o
LOAD ./Drivers/STM32F4xx_HAL_Driver/Src/stm32f4xx_hal_pwr.o
LOAD ./Drivers/STM32F4xx_HAL_Driver/Src/stm32f4xx_hal_pwr_ex.o
LOAD ./Drivers/STM32F4xx_HAL_Driver/Src/stm32f4xx_hal_rcc.o
LOAD ./Drivers/STM32F4xx_HAL_Driver/Src/stm32f4xx_hal_rcc_ex.o
LOAD ./Drivers/STM32F4xx_HAL_Driver/Src/stm32f4xx_hal_tim.o
LOAD ./Drivers/STM32F4xx_HAL_Driver/Src/stm32f4xx_hal_tim_ex.o
START GROUP
LOAD d:/program files (x86)/stm32/stm32cubeide_1.9.0/stm32cubeide/plugins/com.st.stm32cube.ide.mcu.externaltools.gnu-tools-for-stm32.10.3-2021.10.win32_1.0.0.202111181127/tools/bin/../lib/gcc/arm-none-eabi/10.3.1/../../../../arm-none-eabi/lib/thumb/v7e-m+fp/hard\libc_nano.a
LOAD d:/program files (x86)/stm32/stm32cubeide_1.9.0/stm32cubeide/plugins/com.st.stm32cube.ide.mcu.externaltools.gnu-tools-for-stm32.10.3-2021.10.win32_1.0.0.202111181127/tools/bin/../lib/gcc/arm-none-eabi/10.3.1/../../../../arm-none-eabi/lib/thumb/v7e-m+fp/hard\libm.a
END GROUP
START GROUP
LOAD d:/program files (x86)/stm32/stm32cubeide_1.9.0/stm32cubeide/plugins/com.st.stm32cube.ide.mcu.externaltools.gnu-tools-for-stm32.10.3-2021.10.win32_1.0.0.202111181127/tools/bin/../lib/gcc/arm-none-eabi/10.3.1/thumb/v7e-m+fp/hard\libgcc.a
LOAD d:/program files (x86)/stm32/stm32cubeide_1.9.0/stm32cubeide/plugins/com.st.stm32cube.ide.mcu.externaltools.gnu-tools-for-stm32.10.3-2021.10.win32_1.0.0.202111181127/tools/bin/../lib/gcc/arm-none-eabi/10.3.1/../../../../arm-none-eabi/lib/thumb/v7e-m+fp/hard\libc_nano.a
END GROUP
START GROUP
LOAD d:/program files (x86)/stm32/stm32cubeide_1.9.0/stm32cubeide/plugins/com.st.stm32cube.ide.mcu.externaltools.gnu-tools-for-stm32.10.3-2021.10.win32_1.0.0.202111181127/tools/bin/../lib/gcc/arm-none-eabi/10.3.1/thumb/v7e-m+fp/hard\libgcc.a
LOAD d:/program files (x86)/stm32/stm32cubeide_1.9.0/stm32cubeide/plugins/com.st.stm32cube.ide.mcu.externaltools.gnu-tools-for-stm32.10.3-2021.10.win32_1.0.0.202111181127/tools/bin/../lib/gcc/arm-none-eabi/10.3.1/../../../../arm-none-eabi/lib/thumb/v7e-m+fp/hard\libc_nano.a
LOAD d:/program files (x86)/stm32/stm32cubeide_1.9.0/stm32cubeide/plugins/com.st.stm32cube.ide.mcu.externaltools.gnu-tools-for-stm32.10.3-2021.10.win32_1.0.0.202111181127/tools/bin/../lib/gcc/arm-none-eabi/10.3.1/../../../../arm-none-eabi/lib/thumb/v7e-m+fp/hard\libnosys.a
END GROUP
START GROUP
LOAD d:/program files (x86)/stm32/stm32cubeide_1.9.0/stm32cubeide/plugins/com.st.stm32cube.ide.mcu.externaltools.gnu-tools-for-stm32.10.3-2021.10.win32_1.0.0.202111181127/tools/bin/../lib/gcc/arm-none-eabi/10.3.1/thumb/v7e-m+fp/hard\libgcc.a
LOAD d:/program files (x86)/stm32/stm32cubeide_1.9.0/stm32cubeide/plugins/com.st.stm32cube.ide.mcu.externaltools.gnu-tools-for-stm32.10.3-2021.10.win32_1.0.0.202111181127/tools/bin/../lib/gcc/arm-none-eabi/10.3.1/../../../../arm-none-eabi/lib/thumb/v7e-m+fp/hard\libc_nano.a
LOAD d:/program files (x86)/stm32/stm32cubeide_1.9.0/stm32cubeide/plugins/com.st.stm32cube.ide.mcu.externaltools.gnu-tools-for-stm32.10.3-2021.10.win32_1.0.0.202111181127/tools/bin/../lib/gcc/arm-none-eabi/10.3.1/../../../../arm-none-eabi/lib/thumb/v7e-m+fp/hard\libnosys.a
END GROUP
LOAD d:/program files (x86)/stm32/stm32cubeide_1.9.0/stm32cubeide/plugins/com.st.stm32cube.ide.mcu.externaltools.gnu-tools-for-stm32.10.3-2021.10.win32_1.0.0.202111181127/tools/bin/../lib/gcc/arm-none-eabi/10.3.1/thumb/v7e-m+fp/hard/crtend.o
LOAD d:/program files (x86)/stm32/stm32cubeide_1.9.0/stm32cubeide/plugins/com.st.stm32cube.ide.mcu.externaltools.gnu-tools-for-stm32.10.3-2021.10.win32_1.0.0.202111181127/tools/bin/../lib/gcc/arm-none-eabi/10.3.1/thumb/v7e-m+fp/hard/crtn.o
                0x0000000020020000                _estack = (ORIGIN (RAM) + LENGTH (RAM))
                0x0000000000000200                _Min_Heap_Size = 0x200
                0x0000000000000400                _Min_Stack_Size = 0x400

.isr_vector     0x0000000008000000      0x198
                0x0000000008000000                . = ALIGN (0x4)
 *(.isr_vector)
 .isr_vector    0x0000000008000000      0x198 ./Core/Startup/startup_stm32f411vetx.o
                0x0000000008000000                g_pfnVectors
                0x0000000008000198                . = ALIGN (0x4)

.text           0x0000000008000198     0x10e0
                0x0000000008000198                . = ALIGN (0x4)
 *(.text)
 .text          0x0000000008000198       0x40 d:/program files (x86)/stm32/stm32cubeide_1.9.0/stm32cubeide/plugins/com.st.stm32cube.ide.mcu.externaltools.gnu-tools-for-stm32.10.3-2021.10.win32_1.0.0.202111181127/tools/bin/../lib/gcc/arm-none-eabi/10.3.1/thumb/v7e-m+fp/hard/crtbegin.o
 .text          0x00000000080001d8      0x378 d:/program files (x86)/stm32/stm32cubeide_1.9.0/stm32cubeide/plugins/com.st.stm32cube.ide.mcu.externaltools.gnu-tools-for-stm32.10.3-2021.10.win32_1.0.0.202111181127/tools/bin/../lib/gcc/arm-none-eabi/10.3.1/thumb/v7e-m+fp/hard\libgcc.a(_arm_addsubdf3.o)
                0x00000000080001d8                __aeabi_drsub
                0x00000000080001e0                __aeabi_dsub
                0x00000000080001e0                __subdf3
                0x00000000080001e4                __aeabi_dadd
                0x00000000080001e4                __adddf3
                0x000000000800045c                __floatunsidf
                0x000000000800045c                __aeabi_ui2d
                0x000000000800047c                __floatsidf
                0x000000000800047c                __aeabi_i2d
                0x00000000080004a0                __aeabi_f2d
                0x00000000080004a0                __extendsfdf2
                0x00000000080004e4                __floatundidf
                0x00000000080004e4                __aeabi_ul2d
                0x00000000080004f4                __floatdidf
                0x00000000080004f4                __aeabi_l2d
 .text          0x0000000008000550      0x424 d:/program files (x86)/stm32/stm32cubeide_1.9.0/stm32cubeide/plugins/com.st.stm32cube.ide.mcu.externaltools.gnu-tools-for-stm32.10.3-2021.10.win32_1.0.0.202111181127/tools/bin/../lib/gcc/arm-none-eabi/10.3.1/thumb/v7e-m+fp/hard\libgcc.a(_arm_muldivdf3.o)
                0x0000000008000550                __aeabi_dmul
                0x0000000008000550                __muldf3
                0x00000000080007a4                __divdf3
                0x00000000080007a4                __aeabi_ddiv
 .text          0x0000000008000974       0xa0 d:/program files (x86)/stm32/stm32cubeide_1.9.0/stm32cubeide/plugins/com.st.stm32cube.ide.mcu.externaltools.gnu-tools-for-stm32.10.3-2021.10.win32_1.0.0.202111181127/tools/bin/../lib/gcc/arm-none-eabi/10.3.1/thumb/v7e-m+fp/hard\libgcc.a(_arm_truncdfsf2.o)
                0x0000000008000974                __truncdfsf2
                0x0000000008000974                __aeabi_d2f
 *(.text*)
 .text.SystemClock_Config
                0x0000000008000a14       0xa8 ./Core/Src/main.o
                0x0000000008000a14                SystemClock_Config
 .text.TIM5Config
                0x0000000008000abc       0x4c ./Core/Src/main.o
                0x0000000008000abc                TIM5Config
 .text.Delay_us
                0x0000000008000b08       0x30 ./Core/Src/main.o
                0x0000000008000b08                Delay_us
 .text.Delay_ms
                0x0000000008000b38       0x30 ./Core/Src/main.o
                0x0000000008000b38                Delay_ms
 .text.SPI_Init
                0x0000000008000b68       0xfc ./Core/Src/main.o
                0x0000000008000b68                SPI_Init
 .text.SPI_Transmit
                0x0000000008000c64       0x74 ./Core/Src/main.o
                0x0000000008000c64                SPI_Transmit
 .text.SPI_Receive
                0x0000000008000cd8       0x5c ./Core/Src/main.o
                0x0000000008000cd8                SPI_Receive
 .text.SPI_Enable
                0x0000000008000d34       0x20 ./Core/Src/main.o
                0x0000000008000d34                SPI_Enable
 .text.CS_Enable
                0x0000000008000d54       0x20 ./Core/Src/main.o
                0x0000000008000d54                CS_Enable
 .text.CS_Disable
                0x0000000008000d74       0x20 ./Core/Src/main.o
                0x0000000008000d74                CS_Disable
 .text.MPU9250_Write
                0x0000000008000d94       0x34 ./Core/Src/main.o
                0x0000000008000d94                MPU9250_Write
 .text.MPU9250_Read
                0x0000000008000dc8       0x3c ./Core/Src/main.o
                0x0000000008000dc8                MPU9250_Read
 .text.MPU9250_Init
                0x0000000008000e04       0x30 ./Core/Src/main.o
                0x0000000008000e04                MPU9250_Init
 .text.MPU9250_Read_Accel
                0x0000000008000e34       0xf0 ./Core/Src/main.o
                0x0000000008000e34                MPU9250_Read_Accel
 .text.MPU9250_Read_Gyro
                0x0000000008000f24       0xe4 ./Core/Src/main.o
                0x0000000008000f24                MPU9250_Read_Gyro
 .text.MPU9250_Read_Temp
                0x0000000008001008       0x80 ./Core/Src/main.o
                0x0000000008001008                MPU9250_Read_Temp
 .text.main     0x0000000008001088       0x8c ./Core/Src/main.o
                0x0000000008001088                main
 .text.NMI_Handler
                0x0000000008001114        0x6 ./Core/Src/stm32f4xx_it.o
                0x0000000008001114                NMI_Handler
 .text.HardFault_Handler
                0x000000000800111a        0x6 ./Core/Src/stm32f4xx_it.o
                0x000000000800111a                HardFault_Handler
 .text.MemManage_Handler
                0x0000000008001120        0x6 ./Core/Src/stm32f4xx_it.o
                0x0000000008001120                MemManage_Handler
 .text.BusFault_Handler
                0x0000000008001126        0x6 ./Core/Src/stm32f4xx_it.o
                0x0000000008001126                BusFault_Handler
 .text.UsageFault_Handler
                0x000000000800112c        0x6 ./Core/Src/stm32f4xx_it.o
                0x000000000800112c                UsageFault_Handler
 .text.SVC_Handler
                0x0000000008001132        0xe ./Core/Src/stm32f4xx_it.o
                0x0000000008001132                SVC_Handler
 .text.DebugMon_Handler
                0x0000000008001140        0xe ./Core/Src/stm32f4xx_it.o
                0x0000000008001140                DebugMon_Handler
 .text.PendSV_Handler
                0x000000000800114e        0xe ./Core/Src/stm32f4xx_it.o
                0x000000000800114e                PendSV_Handler
 .text.SysTick_Handler
                0x000000000800115c        0xc ./Core/Src/stm32f4xx_it.o
                0x000000000800115c                SysTick_Handler
 .text.SystemInit
                0x0000000008001168       0x24 ./Core/Src/system_stm32f4xx.o
                0x0000000008001168                SystemInit
 .text.Reset_Handler
                0x000000000800118c       0x50 ./Core/Startup/startup_stm32f411vetx.o
                0x000000000800118c                Reset_Handler
 .text.Default_Handler
                0x00000000080011dc        0x2 ./Core/Startup/startup_stm32f411vetx.o
                0x00000000080011dc                RTC_Alarm_IRQHandler
                0x00000000080011dc                EXTI2_IRQHandler
                0x00000000080011dc                SPI4_IRQHandler
                0x00000000080011dc                TIM1_CC_IRQHandler
                0x00000000080011dc                DMA2_Stream5_IRQHandler
                0x00000000080011dc                DMA1_Stream5_IRQHandler
                0x00000000080011dc                PVD_IRQHandler
                0x00000000080011dc                SDIO_IRQHandler
                0x00000000080011dc                TAMP_STAMP_IRQHandler
                0x00000000080011dc                EXTI3_IRQHandler
                0x00000000080011dc                TIM1_UP_TIM10_IRQHandler
                0x00000000080011dc                I2C3_ER_IRQHandler
                0x00000000080011dc                EXTI0_IRQHandler
                0x00000000080011dc                I2C2_EV_IRQHandler
                0x00000000080011dc                DMA1_Stream2_IRQHandler
                0x00000000080011dc                FPU_IRQHandler
                0x00000000080011dc                DMA2_Stream2_IRQHandler
                0x00000000080011dc                SPI1_IRQHandler
                0x00000000080011dc                TIM1_BRK_TIM9_IRQHandler
                0x00000000080011dc                DMA2_Stream3_IRQHandler
                0x00000000080011dc                USART6_IRQHandler
                0x00000000080011dc                DMA2_Stream0_IRQHandler
                0x00000000080011dc                TIM4_IRQHandler
                0x00000000080011dc                I2C1_EV_IRQHandler
                0x00000000080011dc                DMA1_Stream6_IRQHandler
                0x00000000080011dc                DMA1_Stream1_IRQHandler
                0x00000000080011dc                TIM3_IRQHandler
                0x00000000080011dc                RCC_IRQHandler
                0x00000000080011dc                Default_Handler
                0x00000000080011dc                EXTI15_10_IRQHandler
                0x00000000080011dc                ADC_IRQHandler
                0x00000000080011dc                DMA1_Stream7_IRQHandler
                0x00000000080011dc                SPI5_IRQHandler
                0x00000000080011dc                TIM5_IRQHandler
                0x00000000080011dc                DMA2_Stream7_IRQHandler
                0x00000000080011dc                I2C3_EV_IRQHandler
                0x00000000080011dc                EXTI9_5_IRQHandler
                0x00000000080011dc                RTC_WKUP_IRQHandler
                0x00000000080011dc                SPI2_IRQHandler
                0x00000000080011dc                DMA1_Stream0_IRQHandler
                0x00000000080011dc                EXTI4_IRQHandler
                0x00000000080011dc                WWDG_IRQHandler
                0x00000000080011dc                TIM2_IRQHandler
                0x00000000080011dc                OTG_FS_WKUP_IRQHandler
                0x00000000080011dc                TIM1_TRG_COM_TIM11_IRQHandler
                0x00000000080011dc                EXTI1_IRQHandler
                0x00000000080011dc                USART2_IRQHandler
                0x00000000080011dc                I2C2_ER_IRQHandler
                0x00000000080011dc                DMA2_Stream1_IRQHandler
                0x00000000080011dc                FLASH_IRQHandler
                0x00000000080011dc                DMA2_Stream4_IRQHandler
                0x00000000080011dc                USART1_IRQHandler
                0x00000000080011dc                OTG_FS_IRQHandler
                0x00000000080011dc                SPI3_IRQHandler
                0x00000000080011dc                DMA1_Stream4_IRQHandler
                0x00000000080011dc                I2C1_ER_IRQHandler
                0x00000000080011dc                DMA2_Stream6_IRQHandler
                0x00000000080011dc                DMA1_Stream3_IRQHandler
 *fill*         0x00000000080011de        0x2 
 .text.HAL_IncTick
                0x00000000080011e0       0x28 ./Drivers/STM32F4xx_HAL_Driver/Src/stm32f4xx_hal.o
                0x00000000080011e0                HAL_IncTick
 .text.__libc_init_array
                0x0000000008001208       0x48 d:/program files (x86)/stm32/stm32cubeide_1.9.0/stm32cubeide/plugins/com.st.stm32cube.ide.mcu.externaltools.gnu-tools-for-stm32.10.3-2021.10.win32_1.0.0.202111181127/tools/bin/../lib/gcc/arm-none-eabi/10.3.1/../../../../arm-none-eabi/lib/thumb/v7e-m+fp/hard\libc_nano.a(lib_a-init.o)
                0x0000000008001208                __libc_init_array
 .text.memset   0x0000000008001250       0x10 d:/program files (x86)/stm32/stm32cubeide_1.9.0/stm32cubeide/plugins/com.st.stm32cube.ide.mcu.externaltools.gnu-tools-for-stm32.10.3-2021.10.win32_1.0.0.202111181127/tools/bin/../lib/gcc/arm-none-eabi/10.3.1/../../../../arm-none-eabi/lib/thumb/v7e-m+fp/hard\libc_nano.a(lib_a-memset.o)
                0x0000000008001250                memset
 *(.glue_7)
 .glue_7        0x0000000008001260        0x0 linker stubs
 *(.glue_7t)
 .glue_7t       0x0000000008001260        0x0 linker stubs
 *(.eh_frame)
 .eh_frame      0x0000000008001260        0x0 d:/program files (x86)/stm32/stm32cubeide_1.9.0/stm32cubeide/plugins/com.st.stm32cube.ide.mcu.externaltools.gnu-tools-for-stm32.10.3-2021.10.win32_1.0.0.202111181127/tools/bin/../lib/gcc/arm-none-eabi/10.3.1/thumb/v7e-m+fp/hard/crtbegin.o
 *(.init)
 .init          0x0000000008001260        0x4 d:/program files (x86)/stm32/stm32cubeide_1.9.0/stm32cubeide/plugins/com.st.stm32cube.ide.mcu.externaltools.gnu-tools-for-stm32.10.3-2021.10.win32_1.0.0.202111181127/tools/bin/../lib/gcc/arm-none-eabi/10.3.1/thumb/v7e-m+fp/hard/crti.o
                0x0000000008001260                _init
 .init          0x0000000008001264        0x8 d:/program files (x86)/stm32/stm32cubeide_1.9.0/stm32cubeide/plugins/com.st.stm32cube.ide.mcu.externaltools.gnu-tools-for-stm32.10.3-2021.10.win32_1.0.0.202111181127/tools/bin/../lib/gcc/arm-none-eabi/10.3.1/thumb/v7e-m+fp/hard/crtn.o
 *(.fini)
 .fini          0x000000000800126c        0x4 d:/program files (x86)/stm32/stm32cubeide_1.9.0/stm32cubeide/plugins/com.st.stm32cube.ide.mcu.externaltools.gnu-tools-for-stm32.10.3-2021.10.win32_1.0.0.202111181127/tools/bin/../lib/gcc/arm-none-eabi/10.3.1/thumb/v7e-m+fp/hard/crti.o
                0x000000000800126c                _fini
 .fini          0x0000000008001270        0x8 d:/program files (x86)/stm32/stm32cubeide_1.9.0/stm32cubeide/plugins/com.st.stm32cube.ide.mcu.externaltools.gnu-tools-for-stm32.10.3-2021.10.win32_1.0.0.202111181127/tools/bin/../lib/gcc/arm-none-eabi/10.3.1/thumb/v7e-m+fp/hard/crtn.o
                0x0000000008001278                . = ALIGN (0x4)
                0x0000000008001278                _etext = .

.vfp11_veneer   0x0000000008001278        0x0
 .vfp11_veneer  0x0000000008001278        0x0 linker stubs

.v4_bx          0x0000000008001278        0x0
 .v4_bx         0x0000000008001278        0x0 linker stubs

.iplt           0x0000000008001278        0x0
 .iplt          0x0000000008001278        0x0 d:/program files (x86)/stm32/stm32cubeide_1.9.0/stm32cubeide/plugins/com.st.stm32cube.ide.mcu.externaltools.gnu-tools-for-stm32.10.3-2021.10.win32_1.0.0.202111181127/tools/bin/../lib/gcc/arm-none-eabi/10.3.1/thumb/v7e-m+fp/hard/crtbegin.o

.rel.dyn        0x0000000008001278        0x0
 .rel.iplt      0x0000000008001278        0x0 d:/program files (x86)/stm32/stm32cubeide_1.9.0/stm32cubeide/plugins/com.st.stm32cube.ide.mcu.externaltools.gnu-tools-for-stm32.10.3-2021.10.win32_1.0.0.202111181127/tools/bin/../lib/gcc/arm-none-eabi/10.3.1/thumb/v7e-m+fp/hard/crtbegin.o

.rodata         0x0000000008001278        0x0
                0x0000000008001278                . = ALIGN (0x4)
 *(.rodata)
 *(.rodata*)
                0x0000000008001278                . = ALIGN (0x4)

.ARM.extab      0x0000000008001278        0x0
                0x0000000008001278                . = ALIGN (0x4)
 *(.ARM.extab* .gnu.linkonce.armextab.*)
                0x0000000008001278                . = ALIGN (0x4)

.ARM            0x0000000008001278        0x0
                0x0000000008001278                . = ALIGN (0x4)
                0x0000000008001278                __exidx_start = .
 *(.ARM.exidx*)
                0x0000000008001278                __exidx_end = .
                0x0000000008001278                . = ALIGN (0x4)

.preinit_array  0x0000000008001278        0x0
                0x0000000008001278                . = ALIGN (0x4)
                0x0000000008001278                PROVIDE (__preinit_array_start = .)
 *(.preinit_array*)
                0x0000000008001278                PROVIDE (__preinit_array_end = .)
                0x0000000008001278                . = ALIGN (0x4)

.init_array     0x0000000008001278        0x4
                0x0000000008001278                . = ALIGN (0x4)
                0x0000000008001278                PROVIDE (__init_array_start = .)
 *(SORT_BY_NAME(.init_array.*))
 *(.init_array*)
 .init_array    0x0000000008001278        0x4 d:/program files (x86)/stm32/stm32cubeide_1.9.0/stm32cubeide/plugins/com.st.stm32cube.ide.mcu.externaltools.gnu-tools-for-stm32.10.3-2021.10.win32_1.0.0.202111181127/tools/bin/../lib/gcc/arm-none-eabi/10.3.1/thumb/v7e-m+fp/hard/crtbegin.o
                0x000000000800127c                PROVIDE (__init_array_end = .)
                0x000000000800127c                . = ALIGN (0x4)

.fini_array     0x000000000800127c        0x4
                0x000000000800127c                . = ALIGN (0x4)
                [!provide]                        PROVIDE (__fini_array_start = .)
 *(SORT_BY_NAME(.fini_array.*))
 *(.fini_array*)
 .fini_array    0x000000000800127c        0x4 d:/program files (x86)/stm32/stm32cubeide_1.9.0/stm32cubeide/plugins/com.st.stm32cube.ide.mcu.externaltools.gnu-tools-for-stm32.10.3-2021.10.win32_1.0.0.202111181127/tools/bin/../lib/gcc/arm-none-eabi/10.3.1/thumb/v7e-m+fp/hard/crtbegin.o
                [!provide]                        PROVIDE (__fini_array_end = .)
                0x0000000008001280                . = ALIGN (0x4)
                0x0000000008001280                _sidata = LOADADDR (.data)

.data           0x0000000020000000        0x4 load address 0x0000000008001280
                0x0000000020000000                . = ALIGN (0x4)
                0x0000000020000000                _sdata = .
 *(.data)
 *(.data*)
 .data.uwTickFreq
                0x0000000020000000        0x1 ./Drivers/STM32F4xx_HAL_Driver/Src/stm32f4xx_hal.o
                0x0000000020000000                uwTickFreq
 *(.RamFunc)
 *(.RamFunc*)
                0x0000000020000004                . = ALIGN (0x4)
 *fill*         0x0000000020000001        0x3 
                0x0000000020000004                _edata = .

.igot.plt       0x0000000020000004        0x0 load address 0x0000000008001284
 .igot.plt      0x0000000020000004        0x0 d:/program files (x86)/stm32/stm32cubeide_1.9.0/stm32cubeide/plugins/com.st.stm32cube.ide.mcu.externaltools.gnu-tools-for-stm32.10.3-2021.10.win32_1.0.0.202111181127/tools/bin/../lib/gcc/arm-none-eabi/10.3.1/thumb/v7e-m+fp/hard/crtbegin.o
                0x0000000020000004                . = ALIGN (0x4)

.bss            0x0000000020000004       0x4c load address 0x0000000008001284
                0x0000000020000004                _sbss = .
                0x0000000020000004                __bss_start__ = _sbss
 *(.bss)
 .bss           0x0000000020000004       0x1c d:/program files (x86)/stm32/stm32cubeide_1.9.0/stm32cubeide/plugins/com.st.stm32cube.ide.mcu.externaltools.gnu-tools-for-stm32.10.3-2021.10.win32_1.0.0.202111181127/tools/bin/../lib/gcc/arm-none-eabi/10.3.1/thumb/v7e-m+fp/hard/crtbegin.o
 *(.bss*)
 .bss.Rx_data   0x0000000020000020        0x2 ./Core/Src/main.o
                0x0000000020000020                Rx_data
 .bss.Accel_X_RAW
                0x0000000020000022        0x2 ./Core/Src/main.o
                0x0000000020000022                Accel_X_RAW
 .bss.Accel_Y_RAW
                0x0000000020000024        0x2 ./Core/Src/main.o
                0x0000000020000024                Accel_Y_RAW
 .bss.Accel_Z_RAW
                0x0000000020000026        0x2 ./Core/Src/main.o
                0x0000000020000026                Accel_Z_RAW
 .bss.Gyro_X_RAW
                0x0000000020000028        0x2 ./Core/Src/main.o
                0x0000000020000028                Gyro_X_RAW
 .bss.Gyro_Y_RAW
                0x000000002000002a        0x2 ./Core/Src/main.o
                0x000000002000002a                Gyro_Y_RAW
 .bss.Gyro_Z_RAW
                0x000000002000002c        0x2 ./Core/Src/main.o
                0x000000002000002c                Gyro_Z_RAW
 .bss.Temperature_RAW
                0x000000002000002e        0x2 ./Core/Src/main.o
                0x000000002000002e                Temperature_RAW
 .bss.Ax        0x0000000020000030        0x4 ./Core/Src/main.o
                0x0000000020000030                Ax
 .bss.Ay        0x0000000020000034        0x4 ./Core/Src/main.o
                0x0000000020000034                Ay
 .bss.Az        0x0000000020000038        0x4 ./Core/Src/main.o
                0x0000000020000038                Az
 .bss.Gx        0x000000002000003c        0x4 ./Core/Src/main.o
                0x000000002000003c                Gx
 .bss.Gy        0x0000000020000040        0x4 ./Core/Src/main.o
                0x0000000020000040                Gy
 .bss.Gz        0x0000000020000044        0x4 ./Core/Src/main.o
                0x0000000020000044                Gz
 .bss.Temperature
                0x0000000020000048        0x4 ./Core/Src/main.o
                0x0000000020000048                Temperature
 .bss.uwTick    0x000000002000004c        0x4 ./Drivers/STM32F4xx_HAL_Driver/Src/stm32f4xx_hal.o
                0x000000002000004c                uwTick
 *(COMMON)
                0x0000000020000050                . = ALIGN (0x4)
                0x0000000020000050                _ebss = .
                0x0000000020000050                __bss_end__ = _ebss

._user_heap_stack
                0x0000000020000050      0x600 load address 0x0000000008001284
                0x0000000020000050                . = ALIGN (0x8)
                [!provide]                        PROVIDE (end = .)
                0x0000000020000050                PROVIDE (_end = .)
                0x0000000020000250                . = (. + _Min_Heap_Size)
 *fill*         0x0000000020000050      0x200 
                0x0000000020000650                . = (. + _Min_Stack_Size)
 *fill*         0x0000000020000250      0x400 
                0x0000000020000650                . = ALIGN (0x8)

/DISCARD/
 libc.a(*)
 libm.a(*)
 libgcc.a(*)

.ARM.attributes
                0x0000000000000000       0x30
 *(.ARM.attributes)
 .ARM.attributes
                0x0000000000000000       0x1e d:/program files (x86)/stm32/stm32cubeide_1.9.0/stm32cubeide/plugins/com.st.stm32cube.ide.mcu.externaltools.gnu-tools-for-stm32.10.3-2021.10.win32_1.0.0.202111181127/tools/bin/../lib/gcc/arm-none-eabi/10.3.1/thumb/v7e-m+fp/hard/crti.o
 .ARM.attributes
                0x000000000000001e       0x34 d:/program files (x86)/stm32/stm32cubeide_1.9.0/stm32cubeide/plugins/com.st.stm32cube.ide.mcu.externaltools.gnu-tools-for-stm32.10.3-2021.10.win32_1.0.0.202111181127/tools/bin/../lib/gcc/arm-none-eabi/10.3.1/thumb/v7e-m+fp/hard/crtbegin.o
 .ARM.attributes
                0x0000000000000052       0x34 ./Core/Src/main.o
 .ARM.attributes
                0x0000000000000086       0x34 ./Core/Src/stm32f4xx_it.o
 .ARM.attributes
                0x00000000000000ba       0x34 ./Core/Src/system_stm32f4xx.o
 .ARM.attributes
                0x00000000000000ee       0x21 ./Core/Startup/startup_stm32f411vetx.o
 .ARM.attributes
                0x000000000000010f       0x34 ./Drivers/STM32F4xx_HAL_Driver/Src/stm32f4xx_hal.o
 .ARM.attributes
                0x0000000000000143       0x34 d:/program files (x86)/stm32/stm32cubeide_1.9.0/stm32cubeide/plugins/com.st.stm32cube.ide.mcu.externaltools.gnu-tools-for-stm32.10.3-2021.10.win32_1.0.0.202111181127/tools/bin/../lib/gcc/arm-none-eabi/10.3.1/../../../../arm-none-eabi/lib/thumb/v7e-m+fp/hard\libc_nano.a(lib_a-init.o)
 .ARM.attributes
                0x0000000000000177       0x34 d:/program files (x86)/stm32/stm32cubeide_1.9.0/stm32cubeide/plugins/com.st.stm32cube.ide.mcu.externaltools.gnu-tools-for-stm32.10.3-2021.10.win32_1.0.0.202111181127/tools/bin/../lib/gcc/arm-none-eabi/10.3.1/../../../../arm-none-eabi/lib/thumb/v7e-m+fp/hard\libc_nano.a(lib_a-memset.o)
 .ARM.attributes
                0x00000000000001ab       0x1e d:/program files (x86)/stm32/stm32cubeide_1.9.0/stm32cubeide/plugins/com.st.stm32cube.ide.mcu.externaltools.gnu-tools-for-stm32.10.3-2021.10.win32_1.0.0.202111181127/tools/bin/../lib/gcc/arm-none-eabi/10.3.1/thumb/v7e-m+fp/hard\libgcc.a(_arm_addsubdf3.o)
 .ARM.attributes
                0x00000000000001c9       0x1e d:/program files (x86)/stm32/stm32cubeide_1.9.0/stm32cubeide/plugins/com.st.stm32cube.ide.mcu.externaltools.gnu-tools-for-stm32.10.3-2021.10.win32_1.0.0.202111181127/tools/bin/../lib/gcc/arm-none-eabi/10.3.1/thumb/v7e-m+fp/hard\libgcc.a(_arm_muldivdf3.o)
 .ARM.attributes
                0x00000000000001e7       0x1e d:/program files (x86)/stm32/stm32cubeide_1.9.0/stm32cubeide/plugins/com.st.stm32cube.ide.mcu.externaltools.gnu-tools-for-stm32.10.3-2021.10.win32_1.0.0.202111181127/tools/bin/../lib/gcc/arm-none-eabi/10.3.1/thumb/v7e-m+fp/hard\libgcc.a(_arm_truncdfsf2.o)
 .ARM.attributes
                0x0000000000000205       0x1e d:/program files (x86)/stm32/stm32cubeide_1.9.0/stm32cubeide/plugins/com.st.stm32cube.ide.mcu.externaltools.gnu-tools-for-stm32.10.3-2021.10.win32_1.0.0.202111181127/tools/bin/../lib/gcc/arm-none-eabi/10.3.1/thumb/v7e-m+fp/hard/crtn.o
OUTPUT(MPU9250_spi.elf elf32-littlearm)
LOAD linker stubs
LOAD d:/program files (x86)/stm32/stm32cubeide_1.9.0/stm32cubeide/plugins/com.st.stm32cube.ide.mcu.externaltools.gnu-tools-for-stm32.10.3-2021.10.win32_1.0.0.202111181127/tools/bin/../lib/gcc/arm-none-eabi/10.3.1/../../../../arm-none-eabi/lib/thumb/v7e-m+fp/hard\libc.a
LOAD d:/program files (x86)/stm32/stm32cubeide_1.9.0/stm32cubeide/plugins/com.st.stm32cube.ide.mcu.externaltools.gnu-tools-for-stm32.10.3-2021.10.win32_1.0.0.202111181127/tools/bin/../lib/gcc/arm-none-eabi/10.3.1/../../../../arm-none-eabi/lib/thumb/v7e-m+fp/hard\libm.a
LOAD d:/program files (x86)/stm32/stm32cubeide_1.9.0/stm32cubeide/plugins/com.st.stm32cube.ide.mcu.externaltools.gnu-tools-for-stm32.10.3-2021.10.win32_1.0.0.202111181127/tools/bin/../lib/gcc/arm-none-eabi/10.3.1/thumb/v7e-m+fp/hard\libgcc.a

.debug_info     0x0000000000000000     0x1aec
 .debug_info    0x0000000000000000      0xb4d ./Core/Src/main.o
 .debug_info    0x0000000000000b4d      0x121 ./Core/Src/stm32f4xx_it.o
 .debug_info    0x0000000000000c6e      0x54f ./Core/Src/system_stm32f4xx.o
 .debug_info    0x00000000000011bd       0x22 ./Core/Startup/startup_stm32f411vetx.o
 .debug_info    0x00000000000011df      0x90d ./Drivers/STM32F4xx_HAL_Driver/Src/stm32f4xx_hal.o

.debug_abbrev   0x0000000000000000      0x5c9
 .debug_abbrev  0x0000000000000000      0x1ef ./Core/Src/main.o
 .debug_abbrev  0x00000000000001ef       0x74 ./Core/Src/stm32f4xx_it.o
 .debug_abbrev  0x0000000000000263      0x116 ./Core/Src/system_stm32f4xx.o
 .debug_abbrev  0x0000000000000379       0x12 ./Core/Startup/startup_stm32f411vetx.o
 .debug_abbrev  0x000000000000038b      0x23e ./Drivers/STM32F4xx_HAL_Driver/Src/stm32f4xx_hal.o

.debug_aranges  0x0000000000000000      0x248
 .debug_aranges
                0x0000000000000000       0xa8 ./Core/Src/main.o
 .debug_aranges
                0x00000000000000a8       0x60 ./Core/Src/stm32f4xx_it.o
 .debug_aranges
                0x0000000000000108       0x28 ./Core/Src/system_stm32f4xx.o
 .debug_aranges
                0x0000000000000130       0x28 ./Core/Startup/startup_stm32f411vetx.o
 .debug_aranges
                0x0000000000000158       0xf0 ./Drivers/STM32F4xx_HAL_Driver/Src/stm32f4xx_hal.o

.debug_ranges   0x0000000000000000      0x200
 .debug_ranges  0x0000000000000000       0x98 ./Core/Src/main.o
 .debug_ranges  0x0000000000000098       0x50 ./Core/Src/stm32f4xx_it.o
 .debug_ranges  0x00000000000000e8       0x18 ./Core/Src/system_stm32f4xx.o
 .debug_ranges  0x0000000000000100       0x20 ./Core/Startup/startup_stm32f411vetx.o
 .debug_ranges  0x0000000000000120       0xe0 ./Drivers/STM32F4xx_HAL_Driver/Src/stm32f4xx_hal.o

.debug_macro    0x0000000000000000    0x13dca
 .debug_macro   0x0000000000000000      0x207 ./Core/Src/main.o
 .debug_macro   0x0000000000000207      0xa78 ./Core/Src/main.o
 .debug_macro   0x0000000000000c7f      0x28f ./Core/Src/main.o
 .debug_macro   0x0000000000000f0e       0x2e ./Core/Src/main.o
 .debug_macro   0x0000000000000f3c       0x28 ./Core/Src/main.o
 .debug_macro   0x0000000000000f64       0x22 ./Core/Src/main.o
 .debug_macro   0x0000000000000f86       0x8e ./Core/Src/main.o
 .debug_macro   0x0000000000001014       0x51 ./Core/Src/main.o
 .debug_macro   0x0000000000001065      0x103 ./Core/Src/main.o
 .debug_macro   0x0000000000001168       0x6a ./Core/Src/main.o
 .debug_macro   0x00000000000011d2      0x1df ./Core/Src/main.o
 .debug_macro   0x00000000000013b1       0x1c ./Core/Src/main.o
 .debug_macro   0x00000000000013cd       0x22 ./Core/Src/main.o
 .debug_macro   0x00000000000013ef       0xd9 ./Core/Src/main.o
 .debug_macro   0x00000000000014c8     0x102d ./Core/Src/main.o
 .debug_macro   0x00000000000024f5      0x11f ./Core/Src/main.o
 .debug_macro   0x0000000000002614     0xb953 ./Core/Src/main.o
 .debug_macro   0x000000000000df67       0x6d ./Core/Src/main.o
 .debug_macro   0x000000000000dfd4     0x367e ./Core/Src/main.o
 .debug_macro   0x0000000000011652      0x174 ./Core/Src/main.o
 .debug_macro   0x00000000000117c6       0x5c ./Core/Src/main.o
 .debug_macro   0x0000000000011822      0x447 ./Core/Src/main.o
 .debug_macro   0x0000000000011c69      0x9fe ./Core/Src/main.o
 .debug_macro   0x0000000000012667      0x115 ./Core/Src/main.o
 .debug_macro   0x000000000001277c      0x11b ./Core/Src/main.o
 .debug_macro   0x0000000000012897       0xa5 ./Core/Src/main.o
 .debug_macro   0x000000000001293c      0x15f ./Core/Src/main.o
 .debug_macro   0x0000000000012a9b      0x287 ./Core/Src/main.o
 .debug_macro   0x0000000000012d22       0x5f ./Core/Src/main.o
 .debug_macro   0x0000000000012d81      0x236 ./Core/Src/main.o
 .debug_macro   0x0000000000012fb7      0x132 ./Core/Src/main.o
 .debug_macro   0x00000000000130e9      0x264 ./Core/Src/main.o
 .debug_macro   0x000000000001334d       0x2e ./Core/Src/main.o
 .debug_macro   0x000000000001337b      0x11a ./Core/Src/main.o
 .debug_macro   0x0000000000013495       0x85 ./Core/Src/main.o
 .debug_macro   0x000000000001351a       0x89 ./Core/Src/main.o
 .debug_macro   0x00000000000135a3      0x126 ./Core/Src/main.o
 .debug_macro   0x00000000000136c9      0x178 ./Core/Src/main.o
 .debug_macro   0x0000000000013841      0x1c9 ./Core/Src/stm32f4xx_it.o
 .debug_macro   0x0000000000013a0a      0x1b0 ./Core/Src/system_stm32f4xx.o
 .debug_macro   0x0000000000013bba      0x210 ./Drivers/STM32F4xx_HAL_Driver/Src/stm32f4xx_hal.o

.debug_line     0x0000000000000000     0x2462
 .debug_line    0x0000000000000000      0xabf ./Core/Src/main.o
 .debug_line    0x0000000000000abf      0x7bd ./Core/Src/stm32f4xx_it.o
 .debug_line    0x000000000000127c      0x77c ./Core/Src/system_stm32f4xx.o
 .debug_line    0x00000000000019f8       0x88 ./Core/Startup/startup_stm32f411vetx.o
 .debug_line    0x0000000000001a80      0x9e2 ./Drivers/STM32F4xx_HAL_Driver/Src/stm32f4xx_hal.o

.debug_str      0x0000000000000000    0x7ef68
 .debug_str     0x0000000000000000    0x7e378 ./Core/Src/main.o
                                      0x7e641 (size before relaxing)
 .debug_str     0x000000000007e378       0xc9 ./Core/Src/stm32f4xx_it.o
                                      0x7e18f (size before relaxing)
 .debug_str     0x000000000007e441       0xdb ./Core/Src/system_stm32f4xx.o
                                      0x7dcb6 (size before relaxing)
 .debug_str     0x000000000007e51c       0x36 ./Core/Startup/startup_stm32f411vetx.o
                                         0x6f (size before relaxing)
 .debug_str     0x000000000007e552      0xa16 ./Drivers/STM32F4xx_HAL_Driver/Src/stm32f4xx_hal.o
                                      0x7e6e2 (size before relaxing)

.comment        0x0000000000000000       0x50
 .comment       0x0000000000000000       0x50 ./Core/Src/main.o
                                         0x51 (size before relaxing)
 .comment       0x0000000000000050       0x51 ./Core/Src/stm32f4xx_it.o
 .comment       0x0000000000000050       0x51 ./Core/Src/system_stm32f4xx.o
 .comment       0x0000000000000050       0x51 ./Drivers/STM32F4xx_HAL_Driver/Src/stm32f4xx_hal.o

.debug_frame    0x0000000000000000      0x8bc
 .debug_frame   0x0000000000000000      0x280 ./Core/Src/main.o
 .debug_frame   0x0000000000000280      0x104 ./Core/Src/stm32f4xx_it.o
 .debug_frame   0x0000000000000384       0x58 ./Core/Src/system_stm32f4xx.o
 .debug_frame   0x00000000000003dc      0x374 ./Drivers/STM32F4xx_HAL_Driver/Src/stm32f4xx_hal.o
 .debug_frame   0x0000000000000750       0x2c d:/program files (x86)/stm32/stm32cubeide_1.9.0/stm32cubeide/plugins/com.st.stm32cube.ide.mcu.externaltools.gnu-tools-for-stm32.10.3-2021.10.win32_1.0.0.202111181127/tools/bin/../lib/gcc/arm-none-eabi/10.3.1/../../../../arm-none-eabi/lib/thumb/v7e-m+fp/hard\libc_nano.a(lib_a-init.o)
 .debug_frame   0x000000000000077c       0x20 d:/program files (x86)/stm32/stm32cubeide_1.9.0/stm32cubeide/plugins/com.st.stm32cube.ide.mcu.externaltools.gnu-tools-for-stm32.10.3-2021.10.win32_1.0.0.202111181127/tools/bin/../lib/gcc/arm-none-eabi/10.3.1/../../../../arm-none-eabi/lib/thumb/v7e-m+fp/hard\libc_nano.a(lib_a-memset.o)
 .debug_frame   0x000000000000079c       0xac d:/program files (x86)/stm32/stm32cubeide_1.9.0/stm32cubeide/plugins/com.st.stm32cube.ide.mcu.externaltools.gnu-tools-for-stm32.10.3-2021.10.win32_1.0.0.202111181127/tools/bin/../lib/gcc/arm-none-eabi/10.3.1/thumb/v7e-m+fp/hard\libgcc.a(_arm_addsubdf3.o)
 .debug_frame   0x0000000000000848       0x50 d:/program files (x86)/stm32/stm32cubeide_1.9.0/stm32cubeide/plugins/com.st.stm32cube.ide.mcu.externaltools.gnu-tools-for-stm32.10.3-2021.10.win32_1.0.0.202111181127/tools/bin/../lib/gcc/arm-none-eabi/10.3.1/thumb/v7e-m+fp/hard\libgcc.a(_arm_muldivdf3.o)
 .debug_frame   0x0000000000000898       0x24 d:/program files (x86)/stm32/stm32cubeide_1.9.0/stm32cubeide/plugins/com.st.stm32cube.ide.mcu.externaltools.gnu-tools-for-stm32.10.3-2021.10.win32_1.0.0.202111181127/tools/bin/../lib/gcc/arm-none-eabi/10.3.1/thumb/v7e-m+fp/hard\libgcc.a(_arm_truncdfsf2.o)
