../Core/Src/main.c:30:6:SystemClock_Config	88	static
../Core/Src/main.c:53:6:TIM5Config	4	static
../Core/Src/main.c:61:6:Delay_us	16	static
../Core/Src/main.c:66:6:Delay_ms	24	static
../Core/Src/main.c:72:6:SPI_Init	4	static
../Core/Src/main.c:104:6:SPI_Transmit	24	static
../Core/Src/main.c:117:6:SPI_Receive	16	static
../Core/Src/main.c:128:6:SPI_Enable	4	static
../Core/Src/main.c:132:6:SPI_Disable	4	static
../Core/Src/main.c:136:6:CS_Enable	4	static
../Core/Src/main.c:140:6:CS_Disable	4	static
../Core/Src/main.c:145:6:MPU9250_Write	24	static
../Core/Src/main.c:154:6:MPU9250_Read	16	static
../Core/Src/main.c:162:6:MPU9250_Init	8	static
../Core/Src/main.c:171:6:MPU9250_Read_Accel	24	static
../Core/Src/main.c:184:6:MPU9250_Read_Gyro	24	static
../Core/Src/main.c:197:6:MPU9250_Read_Temp	16	static
../Core/Src/main.c:204:5:main	16	static
